// Jest Snapshot v1, https://goo.gl/fbAQLP

exports[`Navbar Component debe mostrar el componente correctamente 1`] = `
<nav class="navbar bg-primary"><a class="navbar-brand text-white pointer"><img src="" alt="logo" class="d-inline-block align-text-top mx-2" height="24"> Daybook </a>
  <h4 class="text-white me-auto my-auto">Hola Test Existing User!</h4>
  <div class="d-flex"><button class="btn btn-outline-info mx-2"><i class="fa fa-sign-out-alt"></i></button></div>
</nav>
`;
